<!DOCTYPE html>
<html lang="en-US">
	<head>
		<title>Website</title>
		<link rel="stylesheet" href="/styles/page.css">
		<script src="/js/script.js" type="module"></script>
		<meta name="viewport" content="width=device-width, initial-scale=1">
		<meta charset="UTF-8">
	</head>
	<body>
		<header id="site-header">
			<h1><a href="https://www.example.com">Website</a></h1>
		</header>
		<main>
			<p>This is the main page of the website!</p>
			<div class="post">
				<div class="post-title">Some Post</div>
				<div class="word-count">Word count: 62</div>
				<div class="excerpt">
					This is a post wherein markdown is demonstrated. Watch how I
					choose to <em>emphasize</em> some text and <strong>strengthen</strong> other text.
				</div>
			</div>
			<div class="post">
				<div class="post-title">WIP</div>
				<div class="word-count">Word count: 7</div>
				<div class="excerpt">
					This one is a work in progress.
				</div>
			</div>
		</main>
	</body>
</html>
